0123456
0123456
0123456
0123456
0123456
0123456
0123456
I LOVE U
